[     737ms] [INFO] %cDownload the React DevTools for a better development experience: https://react.dev/link/react-devtools font-weight:bold @ http://localhost:3000/node_modules/.vite/deps/react-dom_client.js?v=89579404:14335
[     857ms] TypeError: organizationSchema is not a function
    at Home (http://localhost:3000/src/pages/Home.jsx:102:12)
    at Object.react_stack_bottom_frame (http://localhost:3000/node_modules/.vite/deps/react-dom_client.js?v=89579404:12866:12)
    at renderWithHooks (http://localhost:3000/node_modules/.vite/deps/react-dom_client.js?v=89579404:4213:19)
    at updateFunctionComponent (http://localhost:3000/node_modules/.vite/deps/react-dom_client.js?v=89579404:5569:16)
    at beginWork (http://localhost:3000/node_modules/.vite/deps/react-dom_client.js?v=89579404:6140:20)
    at runWithFiberInDEV (http://localhost:3000/node_modules/.vite/deps/react-dom_client.js?v=89579404:851:66)
    at performUnitOfWork (http://localhost:3000/node_modules/.vite/deps/react-dom_client.js?v=89579404:8429:92)
    at workLoopSync (http://localhost:3000/node_modules/.vite/deps/react-dom_client.js?v=89579404:8325:37)
    at renderRootSync (http://localhost:3000/node_modules/.vite/deps/react-dom_client.js?v=89579404:8309:6)
    at performWorkOnRoot (http://localhost:3000/node_modules/.vite/deps/react-dom_client.js?v=89579404:7994:27)
[     858ms] [WARNING] %s

%s
 An error occurred in the <Home> component. Consider adding an error boundary to your tree to customize error handling behavior.
Visit https://react.dev/link/error-boundaries to learn more about error boundaries. @ http://localhost:3000/@vite/client:524
[   10487ms] [INFO] %cDownload the React DevTools for a better development experience: https://react.dev/link/react-devtools font-weight:bold @ http://localhost:3000/node_modules/.vite/deps/react-dom_client.js?v=89579404:14335
[   10532ms] TypeError: organizationSchema is not a function
    at Home (http://localhost:3000/src/pages/Home.jsx:102:12)
    at Object.react_stack_bottom_frame (http://localhost:3000/node_modules/.vite/deps/react-dom_client.js?v=89579404:12866:12)
    at renderWithHooks (http://localhost:3000/node_modules/.vite/deps/react-dom_client.js?v=89579404:4213:19)
    at updateFunctionComponent (http://localhost:3000/node_modules/.vite/deps/react-dom_client.js?v=89579404:5569:16)
    at beginWork (http://localhost:3000/node_modules/.vite/deps/react-dom_client.js?v=89579404:6140:20)
    at runWithFiberInDEV (http://localhost:3000/node_modules/.vite/deps/react-dom_client.js?v=89579404:851:66)
    at performUnitOfWork (http://localhost:3000/node_modules/.vite/deps/react-dom_client.js?v=89579404:8429:92)
    at workLoopSync (http://localhost:3000/node_modules/.vite/deps/react-dom_client.js?v=89579404:8325:37)
    at renderRootSync (http://localhost:3000/node_modules/.vite/deps/react-dom_client.js?v=89579404:8309:6)
    at performWorkOnRoot (http://localhost:3000/node_modules/.vite/deps/react-dom_client.js?v=89579404:7994:27)
[   10533ms] [WARNING] %s

%s
 An error occurred in the <Home> component. Consider adding an error boundary to your tree to customize error handling behavior.
Visit https://react.dev/link/error-boundaries to learn more about error boundaries. @ http://localhost:3000/@vite/client:524
